
> car-hero-backend@0.0.1 build
> nest build

node.exe : [96mscripts/update-admin.ts[0m:[93m4[0m:[93m27[0m - [91merror[0m[90m TS2307: [0mCannot find 
module './src/app.module' or its corresponding type declarations.
At line:1 char:1
+ & "C:\Program Files\nodejs/node.exe" "C:\Program Files\nodejs/node_mo ...
+ ~~~~~~~~~~~~~~~~~~~~~~~~~~~~~~~~~~~~~~~~~~~~~~~~~~~~~~~~~~~~~~~~~~~~~
    + CategoryInfo          : NotSpecified: ([96mscripts/up...e declarations.:String) [], RemoteException
    + FullyQualifiedErrorId : NativeCommandError
 

[7m4[0m import { AppModule } from './src/app.module';
[7m [0m [91m                          ~~~~~~~~~~~~~~~~~~[0m
[96mscripts/update-admin.ts[0m:[93m5[0m:[93m23[0m - [91merror[0m[90m TS2307: [0mCannot find module 
'./src/database/schemas/admin.schema' or its corresponding type declarations.

[7m5[0m import { Admin } from './src/database/schemas/admin.schema';
[7m [0m [91m                      ~~~~~~~~~~~~~~~~~~~~~~~~~~~~~~~~~~~~~[0m
[96mscripts/update-passwords.ts[0m:[93m4[0m:[93m27[0m - [91merror[0m[90m TS2307: [0mCannot find module 
'./src/app.module' or its corresponding type declarations.

[7m4[0m import { AppModule } from './src/app.module';
[7m [0m [91m                          ~~~~~~~~~~~~~~~~~~[0m
[96mscripts/update-passwords.ts[0m:[93m5[0m:[93m23[0m - [91merror[0m[90m TS2307: [0mCannot find module 
'./src/database/schemas/admin.schema' or its corresponding type declarations.

[7m5[0m import { Admin } from './src/database/schemas/admin.schema';
[7m [0m [91m                      ~~~~~~~~~~~~~~~~~~~~~~~~~~~~~~~~~~~~~[0m
[96msrc/modules/admin/services/admin.service.ts[0m:[93m606[0m:[93m13[0m - [91merror[0m[90m TS2304: [0mCannot 
find name 'Role'.

[7m606[0m       role: Role.ADMIN
[7m   [0m [91m            ~~~~[0m
[96msrc/modules/bookings/presentation/controllers/admin-bookings.controller.ts[0m:[93m14[0m:[93m25[0m - 
[91merror[0m[90m TS2339: [0mProperty 'SUPER_ADMIN' does not exist on type 'typeof Role'.

[7m14[0m @Roles(Role.ADMIN, Role.SUPER_ADMIN)
[7m  [0m [91m                        ~~~~~~~~~~~[0m
[96msrc/modules/orders/application/use-cases/assign-provider.use-case.ts[0m:[93m39[0m:[93m15[0m - 
[91merror[0m[90m TS2339: [0mProperty 'user' does not exist on type 'OrderEntity'.

[7m39[0m         order.user as any,
[7m  [0m [91m              ~~~~[0m
[96msrc/modules/orders/application/use-cases/cancel-order.use-case.ts[0m:[93m18[0m:[93m36[0m - 
[91merror[0m[90m TS1272: [0mA type referenced in a decorated signature must be imported with 'import type' or a 
namespace import when 'isolatedModules' and 'emitDecoratorMetadata' are enabled.

[7m18[0m     private readonly cacheManager: Cache,
[7m  [0m [91m                                   ~~~~~[0m

  [96msrc/modules/orders/application/use-cases/cancel-order.use-case.ts[0m:[93m4[0m:[93m10[0m
    [7m4[0m import { Cache } from 'cache-manager';
    [7m [0m [96m         ~~~~~[0m
    'Cache' was imported here.
[96msrc/modules/orders/application/use-cases/cancel-order.use-case.ts[0m:[93m28[0m:[93m27[0m - 
[91merror[0m[90m TS2339: [0mProperty 'user' does not exist on type 'OrderEntity'.

[7m28[0m     const isOwner = order.user?.toString() === currentUser._id?.toString();
[7m  [0m [91m                          ~~~~[0m
[96msrc/modules/orders/application/use-cases/cancel-order.use-case.ts[0m:[93m29[0m:[93m30[0m - 
[91merror[0m[90m TS2551: [0mProperty 'provider' does not exist on type 'OrderEntity'. Did you mean 'providerId'?

[7m29[0m     const isProvider = order.provider?.toString() === currentUser._id?.toString();
[7m  [0m [91m                             ~~~~~~~~[0m

  [96msrc/modules/orders/domain/entities/order.entity.ts[0m:[93m12[0m:[93m5[0m
    [7m12[0m     public readonly providerId?: string,
    [7m  [0m [96m    ~~~~~~~~~~~~~~~~~~~~~~~~~~~~~~~~~~~[0m
    'providerId' is declared here.
[96msrc/modules/orders/application/use-cases/cancel-order.use-case.ts[0m:[93m60[0m:[93m15[0m - 
[91merror[0m[90m TS2339: [0mProperty 'user' does not exist on type 'OrderEntity'.

[7m60[0m         order.user as any,
[7m  [0m [91m              ~~~~[0m
[96msrc/modules/orders/application/use-cases/cancel-order.use-case.ts[0m:[93m61[0m:[93m15[0m - 
[91merror[0m[90m TS2551: [0mProperty 'provider' does not exist on type 'OrderEntity'. Did you mean 'providerId'?

[7m61[0m         order.provider as any,
[7m  [0m [91m              ~~~~~~~~[0m

  [96msrc/modules/orders/domain/entities/order.entity.ts[0m:[93m12[0m:[93m5[0m
    [7m12[0m     public readonly providerId?: string,
    [7m  [0m [96m    ~~~~~~~~~~~~~~~~~~~~~~~~~~~~~~~~~~~[0m
    'providerId' is declared here.
[96msrc/modules/orders/application/use-cases/get-order-by-id.use-case.ts[0m:[93m13[0m:[93m36[0m - 
[91merror[0m[90m TS1272: [0mA type referenced in a decorated signature must be imported with 'import type' or a 
namespace import when 'isolatedModules' and 'emitDecoratorMetadata' are enabled.

[7m13[0m     private readonly cacheManager: Cache,
[7m  [0m [91m                                   ~~~~~[0m

  [96msrc/modules/orders/application/use-cases/get-order-by-id.use-case.ts[0m:[93m3[0m:[93m10[0m
    [7m3[0m import { Cache } from 'cache-manager';
    [7m [0m [96m         ~~~~~[0m
    'Cache' was imported here.
[96msrc/modules/orders/application/use-cases/get-order-by-id.use-case.ts[0m:[93m27[0m:[93m7[0m - 
[91merror[0m[90m TS2322: [0mType 'OrderEntity | null' is not assignable to type 'OrderEntity'.
  Type 'null' is not assignable to type 'OrderEntity'.

[7m27[0m       order = await this.orderRepository.findById(id);
[7m  [0m [91m      ~~~~~[0m
[96msrc/modules/orders/application/use-cases/get-order-by-id.use-case.ts[0m:[93m36[0m:[93m27[0m - 
[91merror[0m[90m TS2339: [0mProperty 'user' does not exist on type 'OrderEntity'.

[7m36[0m     const isOwner = order.user?.toString() === currentUser._id?.toString();
[7m  [0m [91m                          ~~~~[0m
[96msrc/modules/orders/application/use-cases/get-order-by-id.use-case.ts[0m:[93m37[0m:[93m30[0m - 
[91merror[0m[90m TS2551: [0mProperty 'provider' does not exist on type 'OrderEntity'. Did you mean 'providerId'?

[7m37[0m     const isProvider = order.provider?.toString() === currentUser._id?.toString();
[7m  [0m [91m                             ~~~~~~~~[0m

  [96msrc/modules/orders/domain/entities/order.entity.ts[0m:[93m12[0m:[93m5[0m
    [7m12[0m     public readonly providerId?: string,
    [7m  [0m [96m    ~~~~~~~~~~~~~~~~~~~~~~~~~~~~~~~~~~~[0m
    'providerId' is declared here.
[96msrc/modules/orders/application/use-cases/review-order.use-case.ts[0m:[93m21[0m:[93m27[0m - 
[91merror[0m[90m TS2339: [0mProperty 'user' does not exist on type 'OrderEntity'.

[7m21[0m     const isOwner = order.user?.toString() === currentUser._id?.toString();
[7m  [0m [91m                          ~~~~[0m
[96msrc/modules/orders/application/use-cases/update-order-status.use-case.ts[0m:[93m17[0m:[93m36[0m - 
[91merror[0m[90m TS1272: [0mA type referenced in a decorated signature must be imported with 'import type' or a 
namespace import when 'isolatedModules' and 'emitDecoratorMetadata' are enabled.

[7m17[0m     private readonly cacheManager: Cache,
[7m  [0m [91m                                   ~~~~~[0m

  [96msrc/modules/orders/application/use-cases/update-order-status.use-case.ts[0m:[93m4[0m:[93m10[0m
    [7m4[0m import { Cache } from 'cache-manager';
    [7m [0m [96m         ~~~~~[0m
    'Cache' was imported here.
[96msrc/modules/orders/application/use-cases/update-order-status.use-case.ts[0m:[93m27[0m:[93m30[0m - 
[91merror[0m[90m TS2551: [0mProperty 'provider' does not exist on type 'OrderEntity'. Did you mean 'providerId'?

[7m27[0m     const isProvider = order.provider?.toString() === currentUser._id?.toString();
[7m  [0m [91m                             ~~~~~~~~[0m

  [96msrc/modules/orders/domain/entities/order.entity.ts[0m:[93m12[0m:[93m5[0m
    [7m12[0m     public readonly providerId?: string,
    [7m  [0m [96m    ~~~~~~~~~~~~~~~~~~~~~~~~~~~~~~~~~~~[0m
    'providerId' is declared here.
[96msrc/modules/orders/application/use-cases/update-order-status.use-case.ts[0m:[93m60[0m:[93m15[0m - 
[91merror[0m[90m TS2339: [0mProperty 'user' does not exist on type 'OrderEntity'.

[7m60[0m         order.user as any,
[7m  [0m [91m              ~~~~[0m
[96msrc/modules/orders/application/use-cases/update-order-status.use-case.ts[0m:[93m61[0m:[93m15[0m - 
[91merror[0m[90m TS2551: [0mProperty 'provider' does not exist on type 'OrderEntity'. Did you mean 'providerId'?

[7m61[0m         order.provider as any,
[7m  [0m [91m              ~~~~~~~~[0m

  [96msrc/modules/orders/domain/entities/order.entity.ts[0m:[93m12[0m:[93m5[0m
    [7m12[0m     public readonly providerId?: string,
    [7m  [0m [96m    ~~~~~~~~~~~~~~~~~~~~~~~~~~~~~~~~~~~[0m
    'providerId' is declared here.
[96msrc/modules/orders/application/use-cases/update-provider-location.use-case.ts[0m:[93m21[0m:[93m38[0m - 
[91merror[0m[90m TS2551: [0mProperty 'provider' does not exist on type 'OrderEntity'. Did you mean 'providerId'?

[7m21[0m     const isAssignedProvider = order.provider?.toString() === currentUser._id?.toString();
[7m  [0m [91m                                     ~~~~~~~~[0m

Found 30 error(s).

  [96msrc/modules/orders/domain/entities/order.entity.ts[0m:[93m12[0m:[93m5[0m
    [7m12[0m     public readonly providerId?: string,
    [7m  [0m [96m    ~~~~~~~~~~~~~~~~~~~~~~~~~~~~~~~~~~~[0m
    'providerId' is declared here.
[96msrc/modules/orders/application/use-cases/verify-payment.use-case.ts[0m:[93m15[0m:[93m36[0m - 
[91merror[0m[90m TS1272: [0mA type referenced in a decorated signature must be imported with 'import type' or a 
namespace import when 'isolatedModules' and 'emitDecoratorMetadata' are enabled.

[7m15[0m     private readonly cacheManager: Cache,
[7m  [0m [91m                                   ~~~~~[0m

  [96msrc/modules/orders/application/use-cases/verify-payment.use-case.ts[0m:[93m3[0m:[93m10[0m
    [7m3[0m import { Cache } from 'cache-manager';
    [7m [0m [96m         ~~~~~[0m
    'Cache' was imported here.
[96msrc/modules/orders/application/use-cases/verify-payment.use-case.ts[0m:[93m25[0m:[93m47[0m - 
[91merror[0m[90m TS2339: [0mProperty 'PAID' does not exist on type 'typeof PaymentStatus'.

[7m25[0m     if (order.paymentStatus === PaymentStatus.PAID) {
[7m  [0m [91m                                              ~~~~[0m
[96msrc/modules/orders/infrastructure/persistence/mongoose-order.repository.ts[0m:[93m197[0m:[93m26[0m - 
[91merror[0m[90m TS2304: [0mCannot find name 'PaymentStatus'.

[7m197[0m           paymentStatus: PaymentStatus.PAID
[7m   [0m [91m                         ~~~~~~~~~~~~~[0m
[96msrc/modules/orders/infrastructure/persistence/mongoose-order.repository.ts[0m:[93m211[0m:[93m19[0m - 
[91merror[0m[90m TS2304: [0mCannot find name 'OrderStatus'.

[7m211[0m           status: OrderStatus.CANCELLED,
[7m   [0m [91m                  ~~~~~~~~~~~[0m
[96msrc/modules/orders/infrastructure/persistence/mongoose-order.repository.ts[0m:[93m228[0m:[93m15[0m - 
[91merror[0m[90m TS2304: [0mCannot find name 'OrderStatus'.

[7m228[0m       status: OrderStatus.PENDING,
[7m   [0m [91m              ~~~~~~~~~~~[0m
[96msrc/modules/orders/infrastructure/services/orders-cron.service.ts[0m:[93m31[0m:[93m39[0m - 
[91merror[0m[90m TS2554: [0mExpected 3 arguments, but got 2.

[7m31[0m         await this.cancelOrderUseCase.execute(order.id, {
[7m  [0m [91m                                      ~~~~~~~[0m

  [96msrc/modules/orders/application/use-cases/cancel-order.use-case.ts[0m:[93m21[0m:[93m50[0m
    [7m21[0m   async execute(id: string, dto: CancelOrderDto, currentUser: any): Promise<OrderEntity> {
    [7m  [0m [96m                                                 ~~~~~~~~~~~~~~~~[0m
    An argument for 'currentUser' was not provided.
[96msrc/modules/orders/presentation/controllers/orders.controller.ts[0m:[93m137[0m:[93m53[0m - 
[91merror[0m[90m TS2554: [0mExpected 2 arguments, but got 3.

[7m137[0m     return this.updateOrderUseCase.execute(id, dto, req.user);
[7m   [0m [91m                                                    ~~~~~~~~[0m
[96msrc/modules/orders/presentation/controllers/orders.controller.ts[0m:[93m161[0m:[93m68[0m - 
[91merror[0m[90m TS2554: [0mExpected 2 arguments, but got 3.

[7m161[0m     return this.verifyPaymentUseCase.execute(id, verifyPaymentDto, req.user);
[7m   [0m [91m                                                                   ~~~~~~~~[0m

